Microchip MPLAB XC8 Compiler V3.10

Linker command line:

-W-3 \
  --edf=C:\Program Files\Microchip\xc8\v3.10\pic\dat\20250813170317_en.msgs \
  -cn -h+dist/default/production\Simulation_Egivolt.X.production.sym \
  --cmf=dist/default/production\Simulation_Egivolt.X.production.cmf -z \
  -Q18LF25K22 -oC:\Users\tirck\AppData\Local\Temp\xcAsjfw.0\driver_tmp_3.o \
  --defsym=__MPLAB_BUILD=1 --fixupoverflow=error \
  -Mdist/default/production/Simulation_Egivolt.X.production.map \
  --md=C:\Users\tirck\AppData\Local\Temp\xcAsjfw.0\driver_tmp_0.dat -E1 \
  -ver=XC8 Compiler -ACODE=00h-07FFFh -ACONST=00h-07FFFh \
  -ASMALLCONST=0600h-06FFhx122 -AMEDIUMCONST=0600h-07FFFh -ACOMRAM=01h-05Fh \
  -AABS1=00h-05FFh -ABIGRAM=01h-05FFh -ARAM=060h-0FFh,0100h-01FFhx5 \
  -ABANK0=060h-0FFh -ABANK1=0100h-01FFh -ABANK2=0200h-02FFh \
  -ABANK3=0300h-03FFh -ABANK4=0400h-04FFh -ABANK5=0500h-05FFh \
  -ASFR=0F38h-0F5Fh,0F60h-0FFFh -ABIGSFR=0F38h-0FFFh \
  -ACONFIG=0300000h-030000Dh -AIDLOC=0200000h-0200007h \
  -AEEDATA=0F00000h-0F000FFh -peeprom_data=EEDATA \
  -preset_vec=00h,intcode=8h,intcodelo=18h,sivt_lo,sivt_hi=CODE \
  -ppowerup=CODE,init -pramtop=0600h -psmallconst=SMALLCONST \
  -pmediumconst=MEDIUMCONST -pconst=CONST -AFARRAM=00h-00h \
  -prdata=COMRAM,nvrram=COMRAM,nvbit=COMRAM,rbss=COMRAM,rbit=COMRAM \
  -pfarbss=FARRAM,fardata=FARRAM,nvFARRAM=FARRAM \
  -pintsave_regs=BIGRAM,bigbss=BIGRAM,bigdata=BIGRAM -pbss=RAM \
  -pidata=CODE,irdata=CODE,ibigdata=CODE,ifardata=CODE -prparam=COMRAM \
  C:\Users\tirck\AppData\Local\Temp\xcAsjfw.0\driver_tmp_9.o \
  dist/default/production\Simulation_Egivolt.X.production.o 

Object code version is 3.11

Machine type is 18LF25K22



                Name                               Link     Load   Length Selector   Space Scale
C:\Users\tirck\AppData\Local\Temp\xcAsjfw.0\driver_tmp_9.o
                config                           300000   300000        8        0       4
                init                                 98       98        4        4       0
                reset_vec                             0        0        4        0       0
dist/default/production\Simulation_Egivolt.X.production.o
                intcode                               8        8       90        4       0
                config                           300000   300000        8        0       4
                smallconst                          600      600       FC      300       0
                text69                             2CE8     2CE8       30      37E       0
                text67                             2EAC     2EAC       1E      37E       0
                text66                             2F12     2F12       18      37E       0
                text65                             2D8A     2D8A       26      37E       0
                text64                             2FC6     2FC6        8      37E       0
                text63                             2FBE     2FBE        8      37E       0
                text62                             2E8E     2E8E       1E      37E       0
                text61                             2EFA     2EFA       18      37E       0
                text60                             2E70     2E70       1E      37E       0
                text59                             2D64     2D64       26      37E       0
                text58                             2E52     2E52       1E      37E       0
                text57                             2F56     2F56       16      37E       0
                text56                             2F7E     2F7E       10      37E       0
                text55                             2F9C     2F9C        E      37E       0
                text54                             295A     295A       5E      37E       0
                text53                             2AA6     2AA6       46      37E       0
                text52                             211C     211C       D6      37E       0
                text51                             2D3E     2D3E       26      37E       0
                text50                             2FB4     2FB4        A      37E       0
                text49                             2C1E     2C1E       34      37E       0
                text48                             2F6C     2F6C       12      37E       0
                text47                             2E34     2E34       1E      37E       0
                text46                             2412     2412       A6      37E       0
                text45                             2CB6     2CB6       32      37E       0
                text44                              6FC      6FC      4B6      37E       0
                text43                              FD8      FD8      38E      37E       0
                text42                             2018     2018      104      37E       0
                text41                              BB2      BB2      426      37E       0
                text40                             1F12     1F12      106      37E       0
                text39                             1E00     1E00      112      37E       0
                text38                             2D18     2D18       26      37E       0
                text37                             2F40     2F40       16      37E       0
                text36                             2F2A     2F2A       16      37E       0
                text35                             2C84     2C84       32      37E       0
                text34                             28FA     28FA       60      37E       0
                text33                             2B6E     2B6E       40      37E       0
                text32                             2B2E     2B2E       40      37E       0
                text31                             2EE2     2EE2       18      37E       0
                text30                             2E14     2E14       20      37E       0
                text29                             2A0A     2A0A       52      37E       0
                text28                             2758     2758       72      37E       0
                text27                             2834     2834       64      37E       0
                text26                             22B2     22B2       B2      37E       0
                text25                             21F2     21F2       C0      37E       0
                text24                             2364     2364       AE      37E       0
                text23                             26E4     26E4       74      37E       0
                text22                             154A     154A      1BC      37E       0
                text21                             2C52     2C52       32      37E       0
                text20                             2BE8     2BE8       36      37E       0
                text19                             25F6     25F6       7A      37E       0
                text18                             2898     2898       62      37E       0
                text17                             2BAE     2BAE       3A      37E       0
                text16                             24B8     24B8       A4      37E       0
                text15                             27CA     27CA       6A      37E       0
                text14                             1A2E     1A2E      16E      37E       0
                text13                             1706     1706      1B4      37E       0
                text12                             1366     1366      1E4      37E       0
                text11                             2FAA     2FAA        A      37E       0
                text10                             2F8E     2F8E        E      37E       0
                text9                              29B8     29B8       52      37E       0
                text8                              18BA     18BA      174      37E       0
                text7                              1CEE     1CEE      112      37E       0
                text6                              2ECA     2ECA       18      37E       0
                text5                              2670     2670       74      37E       0
                text4                              2DD2     2DD2       22      37E       0
                text3                              1B9C     1B9C      152      37E       0
                text2                              2A5C     2A5C       4A      37E       0
                text1                              2DB0     2DB0       22      37E       0
                text0                              255C     255C       9A      37E       0
                cstackCOMRAM                          2        2       56        2       1
                cstackBANK0                          B0       B0        8       60       1
                dataBANK0                            90       90       20       60       1
                bssBANK0                             60       60       30       60       1
                bssCOMRAM                            58       58        4        2       1
                cinit                              2AEC     2AEC       42      37E       0
                idataBANK0                         2DF4     2DF4       20      37E       0

TOTAL           Name                               Link     Load   Length     Space
        CLASS   CODE           
                intcode                               8        8       90         0
                init                                 98       98        4         0
                reset_vec                             0        0        4         0
                text69                             2CE8     2CE8       30         0
                text67                             2EAC     2EAC       1E         0
                text66                             2F12     2F12       18         0
                text65                             2D8A     2D8A       26         0
                text64                             2FC6     2FC6        8         0
                text63                             2FBE     2FBE        8         0
                text62                             2E8E     2E8E       1E         0
                text61                             2EFA     2EFA       18         0
                text60                             2E70     2E70       1E         0
                text59                             2D64     2D64       26         0
                text58                             2E52     2E52       1E         0
                text57                             2F56     2F56       16         0
                text56                             2F7E     2F7E       10         0
                text55                             2F9C     2F9C        E         0
                text54                             295A     295A       5E         0
                text53                             2AA6     2AA6       46         0
                text52                             211C     211C       D6         0
                text51                             2D3E     2D3E       26         0
                text50                             2FB4     2FB4        A         0
                text49                             2C1E     2C1E       34         0
                text48                             2F6C     2F6C       12         0
                text47                             2E34     2E34       1E         0
                text46                             2412     2412       A6         0
                text45                             2CB6     2CB6       32         0
                text44                              6FC      6FC      4B6         0
                text43                              FD8      FD8      38E         0
                text42                             2018     2018      104         0
                text41                              BB2      BB2      426         0
                text40                             1F12     1F12      106         0
                text39                             1E00     1E00      112         0
                text38                             2D18     2D18       26         0
                text37                             2F40     2F40       16         0
                text36                             2F2A     2F2A       16         0
                text35                             2C84     2C84       32         0
                text34                             28FA     28FA       60         0
                text33                             2B6E     2B6E       40         0
                text32                             2B2E     2B2E       40         0
                text31                             2EE2     2EE2       18         0
                text30                             2E14     2E14       20         0
                text29                             2A0A     2A0A       52         0
                text28                             2758     2758       72         0
                text27                             2834     2834       64         0
                text26                             22B2     22B2       B2         0
                text25                             21F2     21F2       C0         0
                text24                             2364     2364       AE         0
                text23                             26E4     26E4       74         0
                text22                             154A     154A      1BC         0
                text21                             2C52     2C52       32         0
                text20                             2BE8     2BE8       36         0
                text19                             25F6     25F6       7A         0
                text18                             2898     2898       62         0
                text17                             2BAE     2BAE       3A         0
                text16                             24B8     24B8       A4         0
                text15                             27CA     27CA       6A         0
                text14                             1A2E     1A2E      16E         0
                text13                             1706     1706      1B4         0
                text12                             1366     1366      1E4         0
                text11                             2FAA     2FAA        A         0
                text10                             2F8E     2F8E        E         0
                text9                              29B8     29B8       52         0
                text8                              18BA     18BA      174         0
                text7                              1CEE     1CEE      112         0
                text6                              2ECA     2ECA       18         0
                text5                              2670     2670       74         0
                text4                              2DD2     2DD2       22         0
                text3                              1B9C     1B9C      152         0
                text2                              2A5C     2A5C       4A         0
                text1                              2DB0     2DB0       22         0
                text0                              255C     255C       9A         0
                cinit                              2AEC     2AEC       42         0
                idataBANK0                         2DF4     2DF4       20         0

        CLASS   CONST          

        CLASS   SMALLCONST     
                smallconst                          600      600       FC         0

        CLASS   MEDIUMCONST    

        CLASS   COMRAM         
                cstackCOMRAM                          2        2       56         1
                bssCOMRAM                            58       58        4         1

        CLASS   ABS1           
                abs_s1                                1        1        1         1

        CLASS   BIGRAM         

        CLASS   RAM            

        CLASS   BANK0          
                cstackBANK0                          B0       B0        8         1
                dataBANK0                            90       90       20         1
                bssBANK0                             60       60       30         1

        CLASS   BANK1          

        CLASS   BANK2          

        CLASS   BANK3          

        CLASS   BANK4          

        CLASS   BANK5          

        CLASS   SFR            

        CLASS   BIGSFR         

        CLASS   CONFIG         
                config                           300000   300000        8         4

        CLASS   IDLOC          

        CLASS   EEDATA         

        CLASS   FARRAM         

        CLASS   HEAP           

        CLASS   STACK          



SEGMENTS        Name                           Load    Length   Top    Selector   Space  Class

                reset_vec                      000000  000004  000004         0       0  CODE    
                cstackCOMRAM                   000002  00005A  00005C         2       1  COMRAM  
                intcode                        000008  000094  00009C         4       0  CODE    
                bssBANK0                       000060  000058  0000B8        60       1  BANK0   
                smallconst                     000600  0000FC  0006FC       300       0  SMALLCON
                text44                         0006FC  0028D2  002FCE       37E       0  CODE    


UNUSED ADDRESS RANGES

        Name                Unused          Largest block    Delta
        BANK0            0000B8-0000FF               48
        BANK1            000100-0001FF              100
        BANK2            000200-0002FF              100
        BANK3            000300-0003FF              100
        BANK4            000400-0004FF              100
        BANK5            000500-0005FF              100
        BIGRAM           00005C-00005F                4
                         0000B8-0005FF              548
        BIGSFR           000F38-000FFF               C8
        CODE             000004-000007                4
                         00009C-0005FF              564
                         002FCE-007FFF             5032
        COMRAM           00005C-00005F                4
        CONFIG           300008-30000D                6
        CONST            000004-000007                4
                         00009C-0005FF              564
                         002FCE-007FFF             5032
        EEDATA           F00000-F000FF              100
        IDLOC            200000-200007                8
        MEDIUMCONST      002FCE-007FFF             5032
        RAM              0000B8-0005FF              100
        SFR              000F38-000FFF               28
        SMALLCONST       002FCE-007FFF              100

                                  Symbol Table

?_ADC_Read                            cstackCOMRAM 000006
?_DAC_NormalizarSetpoint              cstackCOMRAM 000047
?_Numero_ConvertirAFloat              cstackCOMRAM 00003D
?___awdiv                             cstackCOMRAM 000006
?___awmod                             cstackCOMRAM 000006
?___fladd                             cstackCOMRAM 00002D
?___fldiv                             cstackCOMRAM 00002D
?___flmul                             cstackCOMRAM 000014
?___fltol                             cstackCOMRAM 00003D
?___lldiv                             cstackCOMRAM 000012
?___lmul                              cstackCOMRAM 000006
?___lwdiv                             cstackCOMRAM 000006
?___lwmod                             cstackCOMRAM 000006
?___xxtofl                            cstackCOMRAM 000006
ADC_Read@channel                      cstackCOMRAM 00000A
ADC_Read@result                       cstackCOMRAM 00000B
Boton_EstaPresionado@estado           cstackCOMRAM 000006
Botones_Init@lectura                  cstackCOMRAM 000006
DAC_ActualizarCorriente@valor         cstackCOMRAM 000053
DAC_ActualizarVoltaje@valor           cstackCOMRAM 000053
DAC_NormalizarSetpoint@resultado      cstackCOMRAM 00004F
DAC_NormalizarSetpoint@valor          cstackCOMRAM 000047
DAC_NormalizarSetpoint@valor_maximo   cstackCOMRAM 00004B
Entrada_Guardar@valor_ingresado       cstackBANK0  0000B2
Entrada_Iniciar@variable              cstackCOMRAM 000013
Entrada_ProcesarTecla@tecla           cstackCOMRAM 000057
ISR@lectura                           cstackCOMRAM 000004
ISR@rb7_actual                        cstackCOMRAM 000005
LCD_Char@character                    cstackCOMRAM 00000F
LCD_ClearLine@i                       cstackCOMRAM 000014
LCD_ClearLine@row                     cstackCOMRAM 000013
LCD_Cmd@cmd                           cstackCOMRAM 00000F
LCD_I2C2_Write@data                   cstackCOMRAM 000007
LCD_MostrarMensajeTemporal@mensaje    cstackCOMRAM 000015
LCD_PCF8574_Write@data                cstackCOMRAM 000008
LCD_Print@text                        cstackCOMRAM 000010
LCD_PrintFixed2@decimal               cstackCOMRAM 00001F
LCD_PrintFixed2@entero                cstackCOMRAM 00001D
LCD_PrintFixed2@value_x100            cstackCOMRAM 00001B
LCD_PrintUInt@buffer                  cstackCOMRAM 000013
LCD_PrintUInt@i                       cstackCOMRAM 000019
LCD_PrintUInt@j                       cstackCOMRAM 00001A
LCD_PrintUInt@value                   cstackCOMRAM 000010
LCD_Pulse@data                        cstackCOMRAM 000009
LCD_SendByte@rs                       cstackCOMRAM 00000D
LCD_SendByte@value                    cstackCOMRAM 00000E
LCD_SendNibble@data                   cstackCOMRAM 00000C
LCD_SendNibble@nibble                 cstackCOMRAM 00000B
LCD_SendNibble@rs                     cstackCOMRAM 00000A
LCD_SetCursor@col                     cstackCOMRAM 000010
LCD_SetCursor@row                     cstackCOMRAM 000012
LCD_SetCursor@row_offsets             smallconst   000601
MCP4725_CheckAddress@ack              cstackCOMRAM 000009
MCP4725_CheckAddress@address_7bit     cstackCOMRAM 000008
MCP4725_I2C1_Write@data               cstackCOMRAM 000007
MCP4725_WriteRaw_Fast@address_7bit    cstackCOMRAM 00000C
MCP4725_WriteRaw_Fast@data_high       cstackCOMRAM 00000D
MCP4725_WriteRaw_Fast@data_low        cstackCOMRAM 00000E
MCP4725_WriteRaw_Fast@ok              cstackCOMRAM 00000F
MCP4725_WriteRaw_Fast@value_12bit     cstackCOMRAM 000008
Numero_ConvertirAFloat@despues_punto  cstackCOMRAM 000044
Numero_ConvertirAFloat@factor_decimal cstackCOMRAM 000045
Numero_ConvertirAFloat@texto          cstackCOMRAM 00003D
Numero_ConvertirAFloat@valor          cstackCOMRAM 000049
Numero_ResetBuffer@i                  cstackCOMRAM 000006
Teclado_Actualizar@tecla              cstackCOMRAM 000007
Teclado_ISR@lectura                   cstackCOMRAM 000003
Teclado_LeerEvento@tecla              cstackCOMRAM 000006
Texto_Copiar@destino                  cstackCOMRAM 000006
Texto_Copiar@i                        cstackCOMRAM 000008
Texto_Copiar@origen                   cstackCOMRAM 000007
_ADCON0                               (abs)        000FC2
_ADCON0bits                           (abs)        000FC2
_ADCON1                               (abs)        000FC1
_ADCON2                               (abs)        000FC0
_ADC_Init                             text67       002EAC
_ADC_Read                             text17       002BAE
_ADRESH                               (abs)        000FC4
_ADRESL                               (abs)        000FC3
_ANSELA                               (abs)        000F38
_ANSELAbits                           (abs)        000F38
_ANSELB                               (abs)        000F39
_ANSELBbits                           (abs)        000F39
_ANSELC                               (abs)        000F3A
_ANSELCbits                           (abs)        000F3A
_Boton_EstaPresionado                 text66       002F12
_Botones_Actualizar                   text46       002412
_Botones_Init                         text45       002CB6
_CM1CON0                              (abs)        000F79
_CM2CON0                              (abs)        000F78
_DAC_ActualizarCorriente              text33       002B6E
_DAC_ActualizarVoltaje                text32       002B2E
_DAC_Init                             text29       002A0A
_DAC_NormalizarSetpoint               text39       001E00
_Entrada_Guardar                      text8        0018BA
_Entrada_Iniciar                      text47       002E34
_Entrada_ProcesarTecla                text7        001CEE
_INTCON2bits                          (abs)        000FF1
_INTCONbits                           (abs)        000FF2
_IOCB                                 (abs)        000F62
_ISR                                  intcode      000008
_LATCbits                             (abs)        000F8B
_LCD_ActualizarMediciones             text19       0025F6
_LCD_Char                             text55       002F9C
_LCD_Clear                            text56       002F7E
_LCD_ClearLine                        text21       002C52
_LCD_Cmd                              text57       002F56
_LCD_I2C2_Init                        text6        002ECA
_LCD_I2C2_Start                       text64       002FC6
_LCD_I2C2_Stop                        text63       002FBE
_LCD_I2C2_Wait                        text65       002D8A
_LCD_I2C2_Write                       text62       002E8E
_LCD_Init                             text5        002670
_LCD_MostrarEntrada                   text52       00211C
_LCD_MostrarGuardado                  text22       00154A
_LCD_MostrarMensajeTemporal           text20       002BE8
_LCD_MostrarReposo                    text18       002898
_LCD_PCF8574_Write                    text61       002EFA
_LCD_Print                            text54       00295A
_LCD_PrintFixed2                      text23       0026E4
_LCD_PrintUInt                        text26       0022B2
_LCD_Pulse                            text60       002E70
_LCD_SendByte                         text58       002E52
_LCD_SendNibble                       text59       002D64
_LCD_SetCursor                        text53       002AA6
_MCP4725_CheckAddress                 text31       002EE2
_MCP4725_I2C1_Init                    text30       002E14
_MCP4725_I2C1_Start                   text37       002F40
_MCP4725_I2C1_Stop                    text36       002F2A
_MCP4725_I2C1_Wait                    text38       002D18
_MCP4725_I2C1_Write                   text35       002C84
_MCP4725_WriteRaw_Fast                text34       0028FA
_MCU_Init                             text4        002DD2
_Mediciones_Actualizar                text14       001A2E
_Numero_ConvertirAFloat               text12       001366
_Numero_ResetBuffer                   text51       002D3E
_OSCCONbits                           (abs)        000FD3
_PORTB                                (abs)        000F81
_PORTBbits                            (abs)        000F81
_SSP1ADD                              (abs)        000FC8
_SSP1BUF                              (abs)        000FC9
_SSP1CON1                             (abs)        000FC6
_SSP1CON1bits                         (abs)        000FC6
_SSP1CON2                             (abs)        000FC5
_SSP1CON2bits                         (abs)        000FC5
_SSP1STAT                             (abs)        000FC7
_SSP2ADD                              (abs)        000F6E
_SSP2BUF                              (abs)        000F6F
_SSP2CON1                             (abs)        000F6C
_SSP2CON2                             (abs)        000F6B
_SSP2STAT                             (abs)        000F6D
_TRISAbits                            (abs)        000F92
_TRISBbits                            (abs)        000F93
_TRISCbits                            (abs)        000F94
_Teclado_Actualizar                   text2        002A5C
_Teclado_Deshabilitar                 text10       002F8E
_Teclado_Filas_Idle                   text50       002FB4
_Teclado_Filas_Off                    text11       002FAA
_Teclado_ISR                          text69       002CE8
_Teclado_Init                         text49       002C1E
_Teclado_Interrupcion_Init            text48       002F6C
_Teclado_LeerEvento                   text1        002DB0
_Teclado_LeerRaw                      text3        001B9C
_Texto_Copiar                         text9        0029B8
__HRAM                                (abs)        000000
__H__absolute__                       __absolute__ 000000
__Habs1                               abs1         000000
__Hbank0                              bank0        000000
__Hbank1                              bank1        000000
__Hbank2                              bank2        000000
__Hbank3                              bank3        000000
__Hbank4                              bank4        000000
__Hbank5                              bank5        000000
__Hbigbss                             bigbss       000000
__Hbigdata                            bigdata      000000
__Hbigram                             bigram       000000
__Hbigsfr                             bigsfr       000000
__Hbss                                bss          000000
__HbssBANK0                           bssBANK0     000000
__HbssCOMRAM                          bssCOMRAM    000000
__Hcinit                              cinit        000000
__Hclrtext                            clrtext      000000
__Hcomram                             comram       000000
__Hconfig                             config       300008
__Hconst                              const        000000
__HcstackBANK0                        cstackBANK0  000000
__HcstackCOMRAM                       cstackCOMRAM 000000
__Hdata                               data         000000
__HdataBANK0                          dataBANK0    000000
__Heeprom_data                        eeprom_data  000000
__Hfarbss                             farbss       000000
__Hfardata                            fardata      000000
__Hheap                               heap         000000
__Hibigdata                           ibigdata     000000
__Hidata                              idata        000000
__HidataBANK0                         idataBANK0   000000
__Hidloc                              idloc        000000
__Hifardata                           ifardata     000000
__Hinit                               init         00009C
__Hintcode                            intcode      000098
__Hintcode_body                       intcode_body 000000
__Hintcodelo                          intcodelo    000018
__Hintentry                           intentry     000000
__Hintret                             intret       000000
__Hintsave_regs                       intsave_regs 000000
__Hirdata                             irdata       000000
__Hmediumconst                        mediumconst  000000
__HnvFARRAM                           nvFARRAM     000000
__Hnvbit                              nvbit        000000
__Hnvrram                             nvrram       000000
__Hparam                              rparam       000000
__Hpowerup                            powerup      000000
__Hram                                ram          000000
__Hramtop                             ramtop       000600
__Hrbit                               rbit         000000
__Hrbss                               rbss         000000
__Hrdata                              rdata        000000
__Hreset_vec                          reset_vec    000004
__Hrparam                             rparam       000000
__Hsfr                                sfr          000000
__Hsivt_hi                            sivt_hi      000000
__Hsivt_lo                            sivt_lo      000018
__Hsmallconst                         smallconst   0006FC
__Hspace_0                            (abs)        002FCE
__Hspace_1                            (abs)        0000B8
__Hspace_2                            (abs)        000000
__Hspace_4                            (abs)        600008
__Hstack                              stack        000000
__Hstruct                             struct       000000
__Htemp                               temp         000000
__Htext                               text         000000
__Htext0                              text0        000000
__Htext1                              text1        000000
__Htext10                             text10       000000
__Htext11                             text11       000000
__Htext12                             text12       000000
__Htext13                             text13       000000
__Htext14                             text14       000000
__Htext15                             text15       000000
__Htext16                             text16       000000
__Htext17                             text17       000000
__Htext18                             text18       000000
__Htext19                             text19       000000
__Htext2                              text2        000000
__Htext20                             text20       000000
__Htext21                             text21       000000
__Htext22                             text22       000000
__Htext23                             text23       000000
__Htext24                             text24       000000
__Htext25                             text25       000000
__Htext26                             text26       000000
__Htext27                             text27       000000
__Htext28                             text28       000000
__Htext29                             text29       000000
__Htext3                              text3        000000
__Htext30                             text30       000000
__Htext31                             text31       000000
__Htext32                             text32       000000
__Htext33                             text33       000000
__Htext34                             text34       000000
__Htext35                             text35       000000
__Htext36                             text36       000000
__Htext37                             text37       000000
__Htext38                             text38       000000
__Htext39                             text39       000000
__Htext4                              text4        000000
__Htext40                             text40       000000
__Htext41                             text41       000000
__Htext42                             text42       000000
__Htext43                             text43       000000
__Htext44                             text44       000000
__Htext45                             text45       000000
__Htext46                             text46       000000
__Htext47                             text47       000000
__Htext48                             text48       000000
__Htext49                             text49       000000
__Htext5                              text5        000000
__Htext50                             text50       000000
__Htext51                             text51       000000
__Htext52                             text52       000000
__Htext53                             text53       000000
__Htext54                             text54       000000
__Htext55                             text55       000000
__Htext56                             text56       000000
__Htext57                             text57       000000
__Htext58                             text58       000000
__Htext59                             text59       000000
__Htext6                              text6        000000
__Htext60                             text60       000000
__Htext61                             text61       000000
__Htext62                             text62       000000
__Htext63                             text63       000000
__Htext64                             text64       000000
__Htext65                             text65       000000
__Htext66                             text66       000000
__Htext67                             text67       000000
__Htext69                             text69       000000
__Htext7                              text7        000000
__Htext8                              text8        000000
__Htext9                              text9        000000
__LRAM                                (abs)        000001
__L__absolute__                       __absolute__ 000000
__Labs1                               abs1         000000
__Lbank0                              bank0        000000
__Lbank1                              bank1        000000
__Lbank2                              bank2        000000
__Lbank3                              bank3        000000
__Lbank4                              bank4        000000
__Lbank5                              bank5        000000
__Lbigbss                             bigbss       000000
__Lbigdata                            bigdata      000000
__Lbigram                             bigram       000000
__Lbigsfr                             bigsfr       000000
__Lbss                                bss          000000
__LbssBANK0                           bssBANK0     000000
__LbssCOMRAM                          bssCOMRAM    000000
__Lcinit                              cinit        000000
__Lclrtext                            clrtext      000000
__Lcomram                             comram       000000
__Lconfig                             config       000000
__Lconst                              const        000000
__LcstackBANK0                        cstackBANK0  000000
__LcstackCOMRAM                       cstackCOMRAM 000000
__Ldata                               data         000000
__LdataBANK0                          dataBANK0    000000
__Leeprom_data                        eeprom_data  000000
__Lfarbss                             farbss       000000
__Lfardata                            fardata      000000
__Lheap                               heap         000000
__Libigdata                           ibigdata     000000
__Lidata                              idata        000000
__LidataBANK0                         idataBANK0   000000
__Lidloc                              idloc        000000
__Lifardata                           ifardata     000000
__Linit                               init         000098
__Lintcode                            intcode      000008
__Lintcode_body                       intcode_body 000000
__Lintcodelo                          intcodelo    000018
__Lintentry                           intentry     000000
__Lintret                             intret       000000
__Lintsave_regs                       intsave_regs 000000
__Lirdata                             irdata       000000
__Lmediumconst                        mediumconst  000000
__LnvFARRAM                           nvFARRAM     000000
__Lnvbit                              nvbit        000000
__Lnvrram                             nvrram       000000
__Lparam                              rparam       000000
__Lpowerup                            powerup      000000
__Lram                                ram          000000
__Lramtop                             ramtop       000600
__Lrbit                               rbit         000000
__Lrbss                               rbss         000000
__Lrdata                              rdata        000000
__Lreset_vec                          reset_vec    000000
__Lrparam                             rparam       000000
__Lsfr                                sfr          000000
__Lsivt_hi                            sivt_hi      000000
__Lsivt_lo                            sivt_lo      000018
__Lsmallconst                         smallconst   000600
__Lspace_0                            (abs)        000000
__Lspace_1                            (abs)        000000
__Lspace_2                            (abs)        000000
__Lspace_4                            (abs)        000000
__Lstack                              stack        000000
__Lstruct                             struct       000000
__Ltemp                               temp         000000
__Ltext                               text         000000
__Ltext0                              text0        000000
__Ltext1                              text1        000000
__Ltext10                             text10       000000
__Ltext11                             text11       000000
__Ltext12                             text12       000000
__Ltext13                             text13       000000
__Ltext14                             text14       000000
__Ltext15                             text15       000000
__Ltext16                             text16       000000
__Ltext17                             text17       000000
__Ltext18                             text18       000000
__Ltext19                             text19       000000
__Ltext2                              text2        000000
__Ltext20                             text20       000000
__Ltext21                             text21       000000
__Ltext22                             text22       000000
__Ltext23                             text23       000000
__Ltext24                             text24       000000
__Ltext25                             text25       000000
__Ltext26                             text26       000000
__Ltext27                             text27       000000
__Ltext28                             text28       000000
__Ltext29                             text29       000000
__Ltext3                              text3        000000
__Ltext30                             text30       000000
__Ltext31                             text31       000000
__Ltext32                             text32       000000
__Ltext33                             text33       000000
__Ltext34                             text34       000000
__Ltext35                             text35       000000
__Ltext36                             text36       000000
__Ltext37                             text37       000000
__Ltext38                             text38       000000
__Ltext39                             text39       000000
__Ltext4                              text4        000000
__Ltext40                             text40       000000
__Ltext41                             text41       000000
__Ltext42                             text42       000000
__Ltext43                             text43       000000
__Ltext44                             text44       000000
__Ltext45                             text45       000000
__Ltext46                             text46       000000
__Ltext47                             text47       000000
__Ltext48                             text48       000000
__Ltext49                             text49       000000
__Ltext5                              text5        000000
__Ltext50                             text50       000000
__Ltext51                             text51       000000
__Ltext52                             text52       000000
__Ltext53                             text53       000000
__Ltext54                             text54       000000
__Ltext55                             text55       000000
__Ltext56                             text56       000000
__Ltext57                             text57       000000
__Ltext58                             text58       000000
__Ltext59                             text59       000000
__Ltext6                              text6        000000
__Ltext60                             text60       000000
__Ltext61                             text61       000000
__Ltext62                             text62       000000
__Ltext63                             text63       000000
__Ltext64                             text64       000000
__Ltext65                             text65       000000
__Ltext66                             text66       000000
__Ltext67                             text67       000000
__Ltext69                             text69       000000
__Ltext7                              text7        000000
__Ltext8                              text8        000000
__Ltext9                              text9        000000
__S0                                  (abs)        002FCE
__S1                                  (abs)        0000B8
__S4                                  (abs)        000000
__S5                                  (abs)        000000
___awdiv                              text25       0021F2
___awdiv@counter                      cstackCOMRAM 00000A
___awdiv@dividend                     cstackCOMRAM 000006
___awdiv@divisor                      cstackCOMRAM 000008
___awdiv@quotient                     cstackCOMRAM 00000C
___awdiv@sign                         cstackCOMRAM 00000B
___awmod                              text24       002364
___awmod@counter                      cstackCOMRAM 00000A
___awmod@dividend                     cstackCOMRAM 000006
___awmod@divisor                      cstackCOMRAM 000008
___awmod@sign                         cstackCOMRAM 00000B
___fladd                              text44       0006FC
___fladd@a                            cstackCOMRAM 000031
___fladd@aexp                         cstackCOMRAM 00003A
___fladd@b                            cstackCOMRAM 00002D
___fladd@bexp                         cstackCOMRAM 00003B
___fladd@grs                          cstackCOMRAM 00003C
___fladd@signs                        cstackCOMRAM 000039
___fldiv                              text43       000FD8
___fldiv@a                            cstackCOMRAM 000031
___fldiv@aexp                         cstackCOMRAM 000045
___fldiv@b                            cstackCOMRAM 00002D
___fldiv@bexp                         cstackCOMRAM 000044
___fldiv@grs                          cstackCOMRAM 000040
___fldiv@new_exp                      cstackCOMRAM 00003E
___fldiv@rem                          cstackCOMRAM 000039
___fldiv@sign                         cstackCOMRAM 00003D
___flge                               text42       002018
___flge@ff1                           cstackCOMRAM 000006
___flge@ff2                           cstackCOMRAM 00000A
___flmul                              text41       000BB2
___flmul@a                            cstackCOMRAM 000018
___flmul@aexp                         cstackCOMRAM 000021
___flmul@b                            cstackCOMRAM 000014
___flmul@bexp                         cstackCOMRAM 000026
___flmul@grs                          cstackCOMRAM 000022
___flmul@prod                         cstackCOMRAM 000027
___flmul@sign                         cstackCOMRAM 000020
___flmul@temp                         cstackCOMRAM 00002B
___fltol                              text40       001F12
___fltol@exp1                         cstackCOMRAM 000046
___fltol@f1                           cstackCOMRAM 00003D
___fltol@sign1                        cstackCOMRAM 000045
___heap_hi                            (abs)        000000
___heap_lo                            (abs)        000000
___inthi_sp                           stack        000000
___inthi_stack_hi                     stack        000000
___inthi_stack_lo                     stack        000000
___intlo_sp                           stack        000000
___intlo_stack_hi                     stack        000000
___intlo_stack_lo                     stack        000000
___lldiv                              text16       0024B8
___lldiv@counter                      cstackCOMRAM 00001E
___lldiv@dividend                     cstackCOMRAM 000012
___lldiv@divisor                      cstackCOMRAM 000016
___lldiv@quotient                     cstackCOMRAM 00001A
___lmul                               text15       0027CA
___lmul@multiplicand                  cstackCOMRAM 00000A
___lmul@multiplier                    cstackCOMRAM 000006
___lmul@product                       cstackCOMRAM 00000E
___lwdiv                              text28       002758
___lwdiv@counter                      cstackCOMRAM 00000A
___lwdiv@dividend                     cstackCOMRAM 000006
___lwdiv@divisor                      cstackCOMRAM 000008
___lwdiv@quotient                     cstackCOMRAM 00000B
___lwmod                              text27       002834
___lwmod@counter                      cstackCOMRAM 00000A
___lwmod@dividend                     cstackCOMRAM 000006
___lwmod@divisor                      cstackCOMRAM 000008
___param_bank                         (abs)        000000
___rparam_used                        (abs)        000001
___sp                                 stack        000000
___stack_hi                           stack        000000
___stack_lo                           stack        000000
___xxtofl                             text13       001706
___xxtofl@arg                         cstackCOMRAM 000010
___xxtofl@exp                         cstackCOMRAM 00000F
___xxtofl@sign                        cstackCOMRAM 00000E
___xxtofl@val                         cstackCOMRAM 000006
__accesstop                           (abs)        000060
__activetblptr                        (abs)        000002
__end_ofLCD_SetCursor@row_offsets     smallconst   000605
__end_of_ADC_Init                     text67       002ECA
__end_of_ADC_Read                     text17       002BE8
__end_of_Boton_EstaPresionado         text66       002F2A
__end_of_Botones_Actualizar           text46       0024B8
__end_of_Botones_Init                 text45       002CE8
__end_of_DAC_ActualizarCorriente      text33       002BAE
__end_of_DAC_ActualizarVoltaje        text32       002B6E
__end_of_DAC_Init                     text29       002A5C
__end_of_DAC_NormalizarSetpoint       text39       001F12
__end_of_Entrada_Guardar              text8        001A2E
__end_of_Entrada_Iniciar              text47       002E52
__end_of_Entrada_ProcesarTecla        text7        001E00
__end_of_ISR                          intcode      000098
__end_of_LCD_ActualizarMediciones     text19       002670
__end_of_LCD_Char                     text55       002FAA
__end_of_LCD_Clear                    text56       002F8E
__end_of_LCD_ClearLine                text21       002C84
__end_of_LCD_Cmd                      text57       002F6C
__end_of_LCD_I2C2_Init                text6        002EE2
__end_of_LCD_I2C2_Start               text64       002FCE
__end_of_LCD_I2C2_Stop                text63       002FC6
__end_of_LCD_I2C2_Wait                text65       002DB0
__end_of_LCD_I2C2_Write               text62       002EAC
__end_of_LCD_Init                     text5        0026E4
__end_of_LCD_MostrarEntrada           text52       0021F2
__end_of_LCD_MostrarGuardado          text22       001706
__end_of_LCD_MostrarMensajeTemporal   text20       002C1E
__end_of_LCD_MostrarReposo            text18       0028FA
__end_of_LCD_PCF8574_Write            text61       002F12
__end_of_LCD_Print                    text54       0029B8
__end_of_LCD_PrintFixed2              text23       002758
__end_of_LCD_PrintUInt                text26       002364
__end_of_LCD_Pulse                    text60       002E8E
__end_of_LCD_SendByte                 text58       002E70
__end_of_LCD_SendNibble               text59       002D8A
__end_of_LCD_SetCursor                text53       002AEC
__end_of_MCP4725_CheckAddress         text31       002EFA
__end_of_MCP4725_I2C1_Init            text30       002E34
__end_of_MCP4725_I2C1_Start           text37       002F56
__end_of_MCP4725_I2C1_Stop            text36       002F40
__end_of_MCP4725_I2C1_Wait            text38       002D3E
__end_of_MCP4725_I2C1_Write           text35       002CB6
__end_of_MCP4725_WriteRaw_Fast        text34       00295A
__end_of_MCU_Init                     text4        002DF4
__end_of_Mediciones_Actualizar        text14       001B9C
__end_of_Numero_ConvertirAFloat       text12       00154A
__end_of_Numero_ResetBuffer           text51       002D64
__end_of_Teclado_Actualizar           text2        002AA6
__end_of_Teclado_Deshabilitar         text10       002F9C
__end_of_Teclado_Filas_Idle           text50       002FBE
__end_of_Teclado_Filas_Off            text11       002FB4
__end_of_Teclado_ISR                  text69       002D18
__end_of_Teclado_Init                 text49       002C52
__end_of_Teclado_Interrupcion_Init    text48       002F7E
__end_of_Teclado_LeerEvento           text1        002DD2
__end_of_Teclado_LeerRaw              text3        001CEE
__end_of_Texto_Copiar                 text9        002A0A
__end_of___awdiv                      text25       0022B2
__end_of___awmod                      text24       002412
__end_of___fladd                      text44       000BB2
__end_of___fldiv                      text43       001366
__end_of___flge                       text42       00211C
__end_of___flmul                      text41       000FD8
__end_of___fltol                      text40       002018
__end_of___lldiv                      text16       00255C
__end_of___lmul                       text15       002834
__end_of___lwdiv                      text28       0027CA
__end_of___lwmod                      text27       002898
__end_of___xxtofl                     text13       0018BA
__end_of__initialization              cinit        002B20
__end_of_main                         text0        0025F6
__initialization                      cinit        002AEC
__mediumconst                         smallconst   000600
__pbssBANK0                           bssBANK0     000060
__pbssCOMRAM                          bssCOMRAM    000058
__pcinit                              cinit        002AEC
__pcstackBANK0                        cstackBANK0  0000B0
__pcstackCOMRAM                       cstackCOMRAM 000002
__pdataBANK0                          dataBANK0    000090
__pidataBANK0                         idataBANK0   002DF4
__pintcode                            intcode      000008
__psmallconst                         smallconst   000600
__ptext0                              text0        00255C
__ptext1                              text1        002DB0
__ptext10                             text10       002F8E
__ptext11                             text11       002FAA
__ptext12                             text12       001366
__ptext13                             text13       001706
__ptext14                             text14       001A2E
__ptext15                             text15       0027CA
__ptext16                             text16       0024B8
__ptext17                             text17       002BAE
__ptext18                             text18       002898
__ptext19                             text19       0025F6
__ptext2                              text2        002A5C
__ptext20                             text20       002BE8
__ptext21                             text21       002C52
__ptext22                             text22       00154A
__ptext23                             text23       0026E4
__ptext24                             text24       002364
__ptext25                             text25       0021F2
__ptext26                             text26       0022B2
__ptext27                             text27       002834
__ptext28                             text28       002758
__ptext29                             text29       002A0A
__ptext3                              text3        001B9C
__ptext30                             text30       002E14
__ptext31                             text31       002EE2
__ptext32                             text32       002B2E
__ptext33                             text33       002B6E
__ptext34                             text34       0028FA
__ptext35                             text35       002C84
__ptext36                             text36       002F2A
__ptext37                             text37       002F40
__ptext38                             text38       002D18
__ptext39                             text39       001E00
__ptext4                              text4        002DD2
__ptext40                             text40       001F12
__ptext41                             text41       000BB2
__ptext42                             text42       002018
__ptext43                             text43       000FD8
__ptext44                             text44       0006FC
__ptext45                             text45       002CB6
__ptext46                             text46       002412
__ptext47                             text47       002E34
__ptext48                             text48       002F6C
__ptext49                             text49       002C1E
__ptext5                              text5        002670
__ptext50                             text50       002FB4
__ptext51                             text51       002D3E
__ptext52                             text52       00211C
__ptext53                             text53       002AA6
__ptext54                             text54       00295A
__ptext55                             text55       002F9C
__ptext56                             text56       002F7E
__ptext57                             text57       002F56
__ptext58                             text58       002E52
__ptext59                             text59       002D64
__ptext6                              text6        002ECA
__ptext60                             text60       002E70
__ptext61                             text61       002EFA
__ptext62                             text62       002E8E
__ptext63                             text63       002FBE
__ptext64                             text64       002FC6
__ptext65                             text65       002D8A
__ptext66                             text66       002F12
__ptext67                             text67       002EAC
__ptext69                             text69       002CE8
__ptext7                              text7        001CEE
__ptext8                              text8        0018BA
__ptext9                              text9        0029B8
__ramtop                              ramtop       000600
__smallconst                          smallconst   000600
_adc_corriente_raw                    bssBANK0     000070
_adc_voltaje_raw                      bssBANK0     000072
_boton_corriente_evento               bssBANK0     00007E
_boton_voltaje_evento                 bssBANK0     00007F
_corriente                            bssBANK0     000060
_corriente_adc_mv                     bssBANK0     00006C
_corriente_medida_x100                bssBANK0     000068
_corriente_texto                      dataBANK0    000090
_dac_corriente_code                   bssBANK0     000074
_dac_corriente_ok                     bssBANK0     000078
_dac_voltaje_code                     bssBANK0     000076
_dac_voltaje_ok                       bssBANK0     000079
_entrada_habilitada                   bssCOMRAM    000058
_main                                 text0        00255C
_numero_buffer                        bssBANK0     000080
_numero_len                           bssBANK0     00007B
_numero_tiene_punto                   bssBANK0     00007A
_rb7_anterior                         bssBANK0     00007D
_teclado_evento_disponible            bssCOMRAM    00005A
_teclado_irq_pendiente                bssCOMRAM    00005B
_teclado_tecla_evento                 bssCOMRAM    000059
_variable_actual                      bssBANK0     00007C
_voltaje                              bssBANK0     000064
_voltaje_adc_mv                       bssBANK0     00006E
_voltaje_medido_x100                  bssBANK0     00006A
_voltaje_texto                        dataBANK0    0000A0
btemp                                 (abs)        000001
btemp0                                (abs)        000001
btemp1                                (abs)        000002
end_of_initialization                 cinit        002B20
int$flags                             (abs)        000001
intlevel0                             text         000000
intlevel1                             text         000000
intlevel2                             text         000000
intlevel3                             text         000000
isa$std                               (abs)        000001
isa$xinst                             (abs)        000000
main@tecla                            cstackBANK0  0000B7
stackhi                               (abs)        000000
stacklo                               (abs)        000000
start                                 init         000098
start_initialization                  cinit        002AEC


MODULE INFORMATION

Module		Function		Class		Link	Load	Size
C:\Program Files\Microchip\xc8\v3.10\pic\sources\c99\common\flge.c
		___flge        		CODE           	2018	0000	260

C:\Program Files\Microchip\xc8\v3.10\pic\sources\c99\common\flge.c estimated size: 260

C:\Program Files\Microchip\xc8\v3.10\pic\sources\c99\common\lwmod.c
		___lwmod       		CODE           	2834	0000	100

C:\Program Files\Microchip\xc8\v3.10\pic\sources\c99\common\lwmod.c estimated size: 100

C:\Program Files\Microchip\xc8\v3.10\pic\sources\c99\common\awmod.c
		___awmod       		CODE           	2364	0000	174

C:\Program Files\Microchip\xc8\v3.10\pic\sources\c99\common\awmod.c estimated size: 174

C:\Program Files\Microchip\xc8\v3.10\pic\sources\c99\common\Umul32.c
		___lmul        		CODE           	27CA	0000	106

C:\Program Files\Microchip\xc8\v3.10\pic\sources\c99\common\Umul32.c estimated size: 106

./mcp4725_i2c2.h
		_MCP4725_WriteRaw_Fast		CODE           	28FA	0000	96
		_MCP4725_I2C1_Start		CODE           	2F40	0000	22
		_MCP4725_CheckAddress		CODE           	2EE2	0000	24
		_MCP4725_I2C1_Wait		CODE           	2D18	0000	38
		_MCP4725_I2C1_Init		CODE           	2E14	0000	32
		_MCP4725_I2C1_Stop		CODE           	2F2A	0000	22
		_MCP4725_I2C1_Write		CODE           	2C84	0000	50

./mcp4725_i2c2.h estimated size: 284

C:\Program Files\Microchip\xc8\v3.10\pic\sources\c99\common\lwdiv.c
		___lwdiv       		CODE           	2758	0000	114

C:\Program Files\Microchip\xc8\v3.10\pic\sources\c99\common\lwdiv.c estimated size: 114

./lcd_i2c.h
		_LCD_Init      		CODE           	2670	0000	116
		_LCD_SendByte  		CODE           	2E52	0000	30
		_LCD_Cmd       		CODE           	2F56	0000	22
		_LCD_SendNibble		CODE           	2D64	0000	38
		_LCD_SetCursor 		CODE           	2AA6	0000	70
		_LCD_I2C2_Wait 		CODE           	2D8A	0000	38
		_LCD_I2C2_Init 		CODE           	2ECA	0000	24
		_LCD_I2C2_Stop 		CODE           	2FBE	0000	8
		_LCD_Char      		CODE           	2F9C	0000	14
		_LCD_I2C2_Write		CODE           	2E8E	0000	30
		_LCD_I2C2_Start		CODE           	2FC6	0000	8
		_LCD_Clear     		CODE           	2F7E	0000	16
		_LCD_PCF8574_Write		CODE           	2EFA	0000	24
		_LCD_Print     		CODE           	295A	0000	94
		_LCD_ClearLine 		CODE           	2C52	0000	50
		_LCD_Pulse     		CODE           	2E70	0000	30

./lcd_i2c.h estimated size: 612

C:\Program Files\Microchip\xc8\v3.10\pic\sources\c99\common\awdiv.c
		___awdiv       		CODE           	21F2	0000	192

C:\Program Files\Microchip\xc8\v3.10\pic\sources\c99\common\awdiv.c estimated size: 192

C:\Program Files\Microchip\xc8\v3.10\pic\sources\c99\common\fltol.c
		___fltol       		CODE           	1F12	0000	262

C:\Program Files\Microchip\xc8\v3.10\pic\sources\c99\common\fltol.c estimated size: 262

./teclado_3x4_pic18lf25k22.h
		_Teclado_Interrupcion_Init		CODE           	2F6C	0000	18
		_Teclado_ISR   		CODE           	2CE8	0000	48
		_Teclado_Init  		CODE           	2C1E	0000	52
		_Teclado_Filas_Off		CODE           	2FAA	0000	10
		_Teclado_Filas_Idle		CODE           	2FB4	0000	10
		_Teclado_LeerRaw		CODE           	1B9C	0000	338
		_Teclado_Actualizar		CODE           	2A5C	0000	74
		_Teclado_Deshabilitar		CODE           	2F8E	0000	14
		_Teclado_LeerEvento		CODE           	2DB0	0000	34

./teclado_3x4_pic18lf25k22.h estimated size: 598

C:\Program Files\Microchip\xc8\v3.10\pic\sources\c99\common\sprcmul.c
		___flmul       		CODE           	0BB2	0000	1062

C:\Program Files\Microchip\xc8\v3.10\pic\sources\c99\common\sprcmul.c estimated size: 1062

C:\Program Files\Microchip\xc8\v3.10\pic\sources\c99\common\xxtofl.c
		___xxtofl      		CODE           	1706	0000	436

C:\Program Files\Microchip\xc8\v3.10\pic\sources\c99\common\xxtofl.c estimated size: 436

C:\Program Files\Microchip\xc8\v3.10\pic\sources\c99\common\sprcdiv.c
		___fldiv       		CODE           	0FD8	0000	910

C:\Program Files\Microchip\xc8\v3.10\pic\sources\c99\common\sprcdiv.c estimated size: 910

shared
		__initialization		CODE           	2AEC	0000	52
		LCD_SetCursor@row_offsets		SMALLCONST     	0601	0000	4

shared estimated size: 56

C:\Program Files\Microchip\xc8\v3.10\pic\sources\c99\common\__lldiv.c
		___lldiv       		CODE           	24B8	0000	164

C:\Program Files\Microchip\xc8\v3.10\pic\sources\c99\common\__lldiv.c estimated size: 164

main.c
		_LCD_PrintFixed2		CODE           	26E4	0000	116
		_LCD_MostrarGuardado		CODE           	154A	0000	444
		_Boton_EstaPresionado		CODE           	2F12	0000	24
		_Numero_ConvertirAFloat		CODE           	1366	0000	484
		_ISR           		CODE           	0008	0000	144
		_Botones_Actualizar		CODE           	2412	0000	166
		_Texto_Copiar  		CODE           	29B8	0000	82
		_LCD_MostrarEntrada		CODE           	211C	0000	214
		_Entrada_ProcesarTecla		CODE           	1CEE	0000	274
		_main          		CODE           	255C	0000	154
		_LCD_MostrarMensajeTemporal		CODE           	2BE8	0000	54
		_LCD_MostrarReposo		CODE           	2898	0000	98
		_Entrada_Iniciar		CODE           	2E34	0000	30
		_Entrada_Guardar		CODE           	18BA	0000	372
		_LCD_ActualizarMediciones		CODE           	25F6	0000	122
		_DAC_ActualizarCorriente		CODE           	2B6E	0000	64
		_Botones_Init  		CODE           	2CB6	0000	50
		_Numero_ResetBuffer		CODE           	2D3E	0000	38
		_DAC_NormalizarSetpoint		CODE           	1E00	0000	274
		_Mediciones_Actualizar		CODE           	1A2E	0000	366
		_DAC_ActualizarVoltaje		CODE           	2B2E	0000	64
		_LCD_PrintUInt 		CODE           	22B2	0000	178
		_MCU_Init      		CODE           	2DD2	0000	34
		_ADC_Read      		CODE           	2BAE	0000	58
		_DAC_Init      		CODE           	2A0A	0000	82
		_ADC_Init      		CODE           	2EAC	0000	30

main.c estimated size: 4016

C:\Program Files\Microchip\xc8\v3.10\pic\sources\c99\common\sprcadd.c
		___fladd       		CODE           	06FC	0000	1206

C:\Program Files\Microchip\xc8\v3.10\pic\sources\c99\common\sprcadd.c estimated size: 1206

